--- Startup times for process: Primary/TUI ---

times in msec
 clock   self+sourced   self:  sourced script
 clock   elapsed:              other lines

000.004  000.004: --- NVIM STARTING ---
000.064  000.059: event init
000.198  000.134: early init
051.560  051.363: locale set
051.617  000.057: init first window
052.828  001.211: inits 1
053.008  000.180: window checked
053.019  000.012: parsing arguments
054.344  000.391  000.391: require('vim.shared')
055.060  000.224  000.224: require('vim.inspect')
055.472  000.392  000.392: require('vim._options')
055.479  001.125  000.509: require('vim._editor')
055.484  001.653  000.137: require('vim._init_packages')
055.498  000.825: init lua interpreter
099.216  043.718: --- NVIM STARTED ---

--- Startup times for process: Embedded ---

times in msec
 clock   self+sourced   self:  sourced script
 clock   elapsed:              other lines

000.006  000.006: --- NVIM STARTING ---
000.072  000.066: event init
000.252  000.180: early init
054.595  054.343: locale set
054.660  000.066: init first window
055.565  000.904: inits 1
055.704  000.139: window checked
055.718  000.015: parsing arguments
057.145  000.418  000.418: require('vim.shared')
057.928  000.264  000.264: require('vim.inspect')
058.394  000.440  000.440: require('vim._options')
058.403  001.244  000.539: require('vim._editor')
058.408  001.810  000.149: require('vim._init_packages')
058.429  000.901: init lua interpreter
058.925  000.496: expanding arguments
058.953  000.029: inits 2
059.621  000.668: init highlight
059.626  000.005: waiting for UI
059.746  000.120: done waiting for UI
059.754  000.008: clear screen
060.215  000.057  000.057: require('vim.keymap')
085.384  025.622  025.565: require('vim._defaults')
085.398  000.022: init default mappings & autocommands
088.264  000.126  000.126: sourcing C:\Program Files\Neovim\share\nvim\runtime\ftplugin.vim
088.911  000.091  000.091: sourcing C:\Program Files\Neovim\share\nvim\runtime\indent.vim
090.140  000.351  000.351: require('vim.fs')
093.417  003.112  003.112: require('rocks')
093.659  000.231  000.231: require('util.module_load_utils')
094.181  000.266  000.266: require('options.ui')
094.192  000.522  000.257: require('options')
097.448  002.876  002.876: require('lazy')
098.087  000.274  000.274: require('plugin.require.ui.colortheme.catppuccin')
098.367  000.271  000.271: require('plugin.require.ui.nvim_tree')
098.659  000.283  000.283: require('plugin.require.ui.indent_blankline')
098.927  000.260  000.260: require('plugin.require.tool.vcs.git.gitsigns')
099.209  000.275  000.275: require('plugin.require.editor.nvim_surround')
099.496  000.279  000.279: require('plugin.require.language.languages.rust.rustaceanvim')
099.794  000.290  000.290: require('plugin.require.editor.which_key')
100.073  000.272  000.272: require('plugin.require.tool.vcs.git.lazygit')
100.360  000.279  000.279: require('plugin.require.tool.markdown_preview')
100.628  000.260  000.260: require('plugin.require.language.languages.lua.lazydev')
101.034  000.399  000.399: require('plugin.require.language.language_tool.nvim_cmp')
101.371  000.320  000.320: require('plugin.require.ui.dashboard')
101.678  000.298  000.298: require('plugin.require.tool.navigator')
102.287  000.600  000.600: require('lua.plugin.require.language.language_tool.mason')
102.583  000.287  000.287: require('plugin.require.tool.ai.fittencode')
102.922  000.331  000.331: require('plugin.require.ui.lualine')
103.220  000.290  000.290: require('plugin.require.ui.bufferline')
103.534  000.306  000.306: require('plugin.require.language.language_tool.nvim_treesitter')
103.839  000.297  000.297: require('plugin.require.language.language_tool.refactoring')
104.156  000.309  000.309: require('plugin.require.tool.telescope')
104.448  000.284  000.284: require('plugin.require.tool.nvim_rip_substitute')
104.710  000.253  000.253: require('plugin.require.tool.grugfar')
105.033  000.315  000.315: require('plugin.require.tool.outline')
105.331  000.290  000.290: require('plugin.require.language.language_tool.playground')
105.676  000.337  000.337: require('plugin.require.editor.nvim_ufo')
105.979  000.294  000.294: require('plugin.require.ui.nvim_navic')
106.275  000.288  000.288: require('plugin.require.ui.nvim_treesitter_contest')
106.591  000.307  000.307: require('plugin.require.ui.noise_nvim')
106.972  000.373  000.373: require('plugin.require.editor.trouble')
107.269  000.289  000.289: require('plugin.require.tool.hydra')
107.564  000.286  000.286: require('plugin.require.language.toolchain.debug.mason_nvim_dap')
107.864  000.292  000.292: require('plugin.require.tool.im-select')
108.524  000.333  000.333: require('util.functions')
108.560  000.687  000.354: require('plugin.require.ui.quick_menu')
108.856  000.291  000.291: require('plugin.require.editor.project_dir_cfg')
109.124  000.260  000.260: require('plugin.require.editor.render_markdowm')
109.416  000.285  000.285: require('plugin.require.ui.nvim_buffer_form')
109.682  000.257  000.257: require('plugin.require.ui.nvim_highight_colors')
109.975  000.285  000.285: require('plugin.require.ui.vim_illuminate')
110.279  000.297  000.297: require('plugin.require.editor.todo_comments')
110.579  000.292  000.292: require('plugin.require.editor.rime_nvim')
110.856  000.268  000.268: require('plugin.require.language.language_tool.cmp_rime')
111.163  000.295  000.295: require('plugin.require.language.language_tool.lsp-signature')
111.460  000.290  000.290: require('plugin.require.tool.firenvim')
111.468  014.010  000.714: require('plugin.require.require')
111.758  000.284  000.284: require('util.local_require')
111.819  000.021  000.021: require('ffi')
112.584  000.446  000.446: require('vim.uri')
112.605  000.778  000.332: require('vim.loader')
113.466  000.672  000.672: require('lazy.stats')
114.159  000.383  000.383: require('lazy.core.util')
114.520  000.350  000.350: require('lazy.core.config')
115.187  000.329  000.329: require('lazy.core.handler')
116.270  000.448  000.448: require('lazy.pkg')
116.283  000.769  000.321: require('lazy.core.meta')
116.297  001.101  000.333: require('lazy.core.plugin')
116.311  001.782  000.352: require('lazy.core.loader')
117.651  000.427  000.427: require('lazy.core.fragments')
123.096  000.285  000.285: require('lazy.core.handler.event')
123.107  000.595  000.309: require('lazy.core.handler.ft')
123.393  000.280  000.280: require('lazy.core.handler.keys')
123.672  000.269  000.269: require('lazy.core.handler.cmd')
127.860  001.914  001.914: sourcing C:\Program Files\Neovim\share/nvim/runtime/filetype.lua
131.409  003.118  003.118: require('catppuccin')
132.019  000.315  000.315: require('catppuccin.lib.hashing')
135.986  000.328  000.328: sourcing C:\Users\north\AppData\Local\nvim-data\lazy\vim-visual-multi\autoload\vm\plugs.vim
137.428  000.254  000.254: sourcing C:\Users\north\AppData\Local\nvim-data\lazy\vim-visual-multi\autoload\vm\maps.vim
138.308  000.228  000.228: sourcing C:\Users\north\AppData\Local\nvim-data\lazy\vim-visual-multi\autoload\vm\maps\all.vim
139.575  006.818  006.010: sourcing C:/Users/north/AppData/Local/nvim-data/lazy/vim-visual-multi/plugin/visual-multi.vim
140.482  000.096  000.096: sourcing C:/Users/north/AppData/Local/nvim-data/lazy/vim-vsnip-integ/plugin/vsnip_integ.vim
147.107  000.533  000.533: require('vim.lsp.log')
148.378  001.257  001.257: require('vim.lsp.protocol')
149.460  000.506  000.506: require('vim.lsp._snippet_grammar')
149.778  000.307  000.307: require('vim.highlight')
149.821  000.033  000.033: require('vim.F')
149.839  001.449  000.603: require('vim.lsp.util')
150.545  000.312  000.312: require('vim.lsp.sync')
150.558  000.713  000.401: require('vim.lsp._changetracking')
150.887  000.323  000.323: require('vim.lsp.rpc')
151.049  005.361  001.086: require('vim.lsp')
151.684  000.279  000.279: require('vim.version')
156.066  005.010  004.730: require('lsp_signature.helper')
156.510  000.328  000.328: require('vim.iter')
156.560  013.562  002.864: require('lsp_signature')
159.685  000.114  000.114: sourcing C:/Users/north/AppData/Local/nvim-data/lazy/plenary.nvim/plugin/plenary.vim
160.690  000.448  000.448: sourcing C:/Users/north/AppData/Local/nvim-data/lazy/telescope.nvim/plugin/telescope.lua
164.388  000.435  000.435: require('telescope._extensions')
164.402  003.614  003.179: require('telescope')
166.576  000.357  000.357: require('plenary.bit')
166.915  000.328  000.328: require('plenary.functional')
166.950  001.145  000.460: require('plenary.path')
166.958  001.522  000.377: require('plenary.strings')
167.290  000.327  000.327: require('telescope.deprecated')
168.904  000.639  000.639: require('plenary.log')
168.984  001.326  000.687: require('telescope.log')
170.123  000.311  000.311: require('plenary.compat')
170.138  000.693  000.382: require('plenary.job')
170.489  000.344  000.344: require('telescope.state')
170.611  001.621  000.583: require('telescope.utils')
170.788  003.490  000.543: require('telescope.sorters')
172.329  007.372  002.033: require('telescope.config')
173.027  000.301  000.301: require('plenary.window.border')
173.352  000.316  000.316: require('plenary.window')
173.633  000.272  000.272: require('plenary.popup.utils')
173.643  001.303  000.414: require('plenary.popup')
173.977  000.329  000.329: require('telescope.pickers.scroller')
174.268  000.283  000.283: require('telescope.actions.state')
174.597  000.321  000.321: require('telescope.actions.utils')
175.172  000.284  000.284: require('telescope.actions.mt')
175.190  000.585  000.300: require('telescope.actions.set')
175.822  000.283  000.283: require('telescope.config.resolve')
175.832  000.636  000.353: require('telescope.pickers.entry_display')
176.109  000.272  000.272: require('telescope.from_entry')
176.215  011.808  000.707: require('telescope.actions')
185.663  000.281  000.281: require('project_dir_cfg.config')
185.965  000.290  000.290: require('project_dir_cfg.util.log')
186.252  000.279  000.279: require('project_dir_cfg.util.log_util')
186.265  003.905  003.054: require('project_dir_cfg')
186.625  000.286  000.286: require('project_dir_cfg.util.log.nvim_output')
187.087  000.294  000.294: require('project_dir_cfg.util.globtopattern')
187.759  000.279  000.279: require('project_dir_cfg.util.os')
187.777  000.585  000.306: require('project_dir_cfg.util.path_util')
188.383  000.283  000.283: require('project_dir_cfg.project.history')
188.657  000.265  000.265: require('project_dir_cfg.util.buf_util')
188.668  000.885  000.337: require('project_dir_cfg.project')
191.756  000.405  000.405: require('project_dir_cfg.cfg')
192.078  000.306  000.306: require('project_dir_cfg.commands')
193.385  000.561  000.561: require('telescope.make_entry')
195.508  000.340  000.340: require('plenary.tbl')
195.520  000.644  000.304: require('plenary.vararg.rotate')
195.525  001.053  000.409: require('plenary.vararg')
195.818  000.287  000.287: require('plenary.errors')
195.831  001.664  000.325: require('plenary.async.async')
197.110  000.309  000.309: require('plenary.async.structs')
197.128  000.646  000.338: require('plenary.async.control')
197.138  001.006  000.360: require('plenary.async.util')
197.144  001.307  000.301: require('plenary.async.tests')
197.149  003.361  000.390: require('plenary.async')
197.154  003.759  000.398: require('telescope.finders.async_static_finder')
198.297  000.303  000.303: require('plenary.class')
198.358  000.762  000.459: require('telescope._')
198.367  001.208  000.445: require('telescope.finders.async_oneshot_finder')
198.773  000.401  000.401: require('telescope.finders.async_job_finder')
198.788  006.386  000.457: require('telescope.finders')
199.899  000.572  000.572: require('telescope.debounce')
200.397  000.488  000.488: require('telescope.mappings')
200.837  000.430  000.430: require('telescope.pickers.highlights')
201.263  000.416  000.416: require('telescope.pickers.window')
202.075  000.396  000.396: require('telescope.algos.linked_list')
202.087  000.814  000.418: require('telescope.entry_manager')
202.478  000.386  000.386: require('telescope.pickers.multi')
202.506  003.714  000.607: require('telescope.pickers')
203.026  000.513  000.513: require('telescope.builtin')
203.040  025.823  008.544: require('telescope._extensions.project_dir_cfg')
203.944  000.061  000.061: sourcing C:/Users/north/AppData/Local/nvim-data/lazy/firenvim/plugin/firenvim.vim
212.069  000.895  000.895: require('nvim-navic.lib')
212.114  004.851  003.956: require('nvim-navic')
213.123  000.103  000.103: sourcing C:/Users/north/AppData/Local/nvim-data/lazy/todo-comments.nvim/plugin/todo.vim
217.894  000.277  000.277: require('todo-comments.util')
217.910  000.596  000.319: require('todo-comments.config')
218.544  000.303  000.303: require('todo-comments.highlight')
218.555  000.639  000.337: require('todo-comments.jump')
218.561  004.981  003.746: require('todo-comments')
222.480  000.075  000.075: sourcing C:/Users/north/AppData/Local/nvim-data/lazy/nvim-web-devicons/plugin/nvim-web-devicons.vim
227.360  000.348  000.348: require('nvim-tree.log')
228.269  000.283  000.283: require('nvim-tree.notify')
228.283  000.583  000.300: require('nvim-tree.events')
228.891  000.281  000.281: require('nvim-tree.iterators.node-iterator')
229.045  000.757  000.477: require('nvim-tree.utils')
229.064  001.691  000.350: require('nvim-tree.view')
230.264  000.273  000.273: require('nvim-tree.core')
230.846  000.269  000.269: require('nvim-tree.git.utils')
231.128  000.273  000.273: require('nvim-tree.renderer.components.devicons')
231.717  000.271  000.271: require('nvim-tree.classic')
231.730  000.592  000.321: require('nvim-tree.node')
231.740  001.464  000.330: require('nvim-tree.node.directory')
231.746  002.034  000.297: require('nvim-tree.actions.finders.find-file')
232.083  000.332  000.332: require('nvim-tree.actions.finders.search-node')
232.091  002.689  000.324: require('nvim-tree.actions.finders')
232.947  000.289  000.289: require('nvim-tree.node.file')
232.958  000.562  000.273: require('nvim-tree.actions.fs.create-file')
233.523  000.285  000.285: require('nvim-tree.lib')
234.143  000.293  000.293: require('nvim-tree.node.link')
234.157  000.626  000.333: require('nvim-tree.node.directory-link')
234.165  001.202  000.291: require('nvim-tree.actions.fs.remove-file')
234.451  000.282  000.282: require('nvim-tree.actions.fs.rename-file')
234.746  000.287  000.287: require('nvim-tree.actions.fs.trash')
234.754  002.658  000.326: require('nvim-tree.actions.fs')
235.638  000.289  000.289: require('nvim-tree.diagnostics')
235.649  000.584  000.295: require('nvim-tree.actions.moves.item')
235.935  000.281  000.281: require('nvim-tree.actions.moves.parent')
236.249  000.306  000.306: require('nvim-tree.actions.moves.sibling')
236.257  001.498  000.327: require('nvim-tree.actions.moves')
236.848  000.271  000.271: require('nvim-tree.actions.node.file-popup')
237.164  000.307  000.307: require('nvim-tree.actions.node.open-file')
237.444  000.271  000.271: require('nvim-tree.actions.node.run-command')
237.725  000.273  000.273: require('nvim-tree.actions.node.system-open')
237.982  000.250  000.250: require('nvim-tree.actions.node.buffer')
237.991  001.729  000.357: require('nvim-tree.actions.node')
238.572  000.262  000.262: require('nvim-tree.actions.root.change-dir')
238.874  000.292  000.292: require('nvim-tree.actions.root.dir-up')
238.882  000.885  000.331: require('nvim-tree.actions.root')
239.483  000.294  000.294: require('nvim-tree.actions.tree.find-file')
240.083  000.276  000.276: require('nvim-tree.actions.tree.modifiers.collapse-all')
240.359  000.267  000.267: require('nvim-tree.actions.tree.modifiers.expand-all')
240.368  000.877  000.334: require('nvim-tree.actions.tree.modifiers')
240.691  000.318  000.318: require('nvim-tree.actions.tree.open')
241.026  000.323  000.323: require('nvim-tree.actions.tree.toggle')
241.319  000.282  000.282: require('nvim-tree.actions.tree.resize')
241.327  002.440  000.345: require('nvim-tree.actions.tree')
241.332  012.263  000.363: require('nvim-tree.actions')
241.769  000.422  000.422: require('vim.diagnostic')
241.810  018.841  004.118: require('nvim-tree')
242.148  000.311  000.311: require('nvim-tree.legacy')
243.185  000.341  000.341: require('nvim-tree.keymap')
243.561  000.365  000.365: require('nvim-tree.appearance')
244.795  000.320  000.320: require('nvim-tree.buffers')
245.597  000.379  000.379: require('nvim-tree.git.runner')
245.940  000.333  000.333: require('nvim-tree.watcher')
245.955  001.149  000.438: require('nvim-tree.git')
246.550  000.299  000.299: require('nvim-tree.node.file-link')
246.561  000.600  000.301: require('nvim-tree.node.factory')
246.863  000.297  000.297: require('nvim-tree.node.root')
247.504  000.290  000.290: require('nvim-tree.enum')
247.544  000.672  000.382: require('nvim-tree.explorer.filters')
247.902  000.350  000.350: require('nvim-tree.marks')
248.216  000.306  000.306: require('nvim-tree.explorer.live-filter')
248.518  000.295  000.295: require('nvim-tree.explorer.sorter')
248.887  000.361  000.361: require('nvim-tree.actions.fs.clipboard')
250.315  000.326  000.326: require('nvim-tree.renderer.decorator')
250.328  000.627  000.301: require('nvim-tree.renderer.decorator.bookmarks')
250.617  000.284  000.284: require('nvim-tree.renderer.decorator.copied')
250.916  000.291  000.291: require('nvim-tree.renderer.decorator.cut')
251.224  000.300  000.300: require('nvim-tree.renderer.decorator.diagnostics')
251.568  000.335  000.335: require('nvim-tree.renderer.decorator.git')
251.896  000.315  000.315: require('nvim-tree.renderer.decorator.hidden')
252.217  000.313  000.313: require('nvim-tree.renderer.decorator.modified')
252.559  000.334  000.334: require('nvim-tree.renderer.decorator.opened')
252.896  000.328  000.328: require('nvim-tree.renderer.decorator.user')
253.212  000.308  000.308: require('nvim-tree.renderer.components.padding')
253.234  003.864  000.427: require('nvim-tree.renderer.builder')
253.270  004.288  000.424: require('nvim-tree.renderer')
253.290  009.244  000.606: require('nvim-tree.explorer')
253.636  000.340  000.340: require('nvim-tree.explorer.watch')
254.327  000.316  000.316: require('nvim-tree.renderer.components.full-name')
254.339  000.687  000.371: require('nvim-tree.renderer.components')
255.120  000.373  000.373: require('nvim-web-devicons.filetypes')
256.089  000.620  000.620: require('nvim-web-devicons.default.icons_by_filename')
257.248  001.146  001.146: require('nvim-web-devicons.default.icons_by_file_extension')
257.755  000.493  000.493: require('nvim-web-devicons.default.icons_by_operating_system')
258.102  000.337  000.337: require('nvim-web-devicons.default.icons_by_desktop_environment')
258.477  000.366  000.366: require('nvim-web-devicons.default.icons_by_window_manager')
258.486  003.323  000.360: require('nvim-web-devicons.icons-default')
258.865  004.520  000.824: require('nvim-web-devicons')
269.358  000.776  000.776: require('nvim-tree.help')
270.368  000.491  000.491: require('nvim-tree.appearance.hi-test')
270.418  001.046  000.555: require('nvim-tree.api')
270.779  000.318  000.318: require('nvim-tree.commands')
275.797  004.268  004.268: require('nvim_buffer_form')
276.208  000.397  000.397: require('nvim_buffer_form.form')
281.394  004.185  004.185: require('lspconfig.util')
281.452  004.555  000.370: sourcing C:/Users/north/AppData/Local/nvim-data/lazy/nvim-lspconfig/plugin/lspconfig.lua
282.923  000.638  000.638: sourcing C:/Users/north/AppData/Local/nvim-data/lazy/auto-pairs/plugin/auto-pairs.vim
287.726  000.443  000.443: sourcing C:/Users/north/AppData/Local/nvim-data/lazy/nvim-dap/plugin/dap.lua
300.927  000.121  000.121: sourcing C:/Users/north/AppData/Local/nvim-data/lazy/nvim-luapad/plugin/luapad.vim
306.584  000.470  000.470: sourcing C:/Users/north/AppData/Local/nvim-data/lazy/vim-floaterm/plugin/floaterm.vim
321.239  000.367  000.367: require('bufferline.lazy')
321.580  000.321  000.321: require('bufferline.commands')
322.003  000.409  000.409: require('bufferline.config')
322.015  006.312  005.215: require('bufferline')
323.447  001.426  001.426: require('catppuccin.groups.integrations.bufferline')
324.224  000.373  000.373: require('bufferline.utils')
324.234  000.766  000.393: require('bufferline.groups')
324.636  000.314  000.314: require('bufferline.constants')
324.948  000.301  000.301: require('bufferline.colors')
325.381  000.339  000.339: require('catppuccin.palettes')
325.671  000.279  000.279: require('catppuccin.palettes.mocha')
326.962  000.341  000.341: require('bufferline.highlights')
329.500  001.794  001.794: require('bufferline.hover')
329.959  000.381  000.381: require('bufferline.ui')
332.303  000.293  000.293: require('vim.treesitter.language')
332.594  000.281  000.281: require('vim.func')
332.879  000.274  000.274: require('vim.func._memoize')
332.901  001.210  000.361: require('vim.treesitter.query')
333.201  000.293  000.293: require('vim.treesitter._range')
333.220  001.845  000.342: require('vim.treesitter.languagetree')
333.229  002.210  000.365: require('vim.treesitter')
338.648  005.413  005.413: require('rainbow-delimiters.config')
338.956  000.296  000.296: require('rainbow-delimiters.log')
339.517  000.277  000.277: require('rainbow-delimiters.util')
339.528  000.563  000.287: require('rainbow-delimiters.lib')
340.703  000.313  000.313: require('rainbow-delimiters.stack')
341.290  000.283  000.283: require('rainbow-delimiters.set')
341.299  000.587  000.303: require('rainbow-delimiters.match-tree')
341.305  001.201  000.302: require('rainbow-delimiters.strategy.global.current')
341.312  001.503  000.301: require('rainbow-delimiters.strategy.global')
341.328  001.791  000.289: require('rainbow-delimiters.default')
341.387  010.679  000.405: sourcing C:/Users/north/AppData/Local/nvim-data/lazy/rainbow-delimiters.nvim/plugin/rainbow-delimiters.lua
348.326  000.301  000.301: require('nvim-treesitter.utils')
351.939  003.603  003.603: require('nvim-treesitter.parsers')
353.387  000.303  000.303: require('nvim-treesitter.compat')
354.057  000.344  000.344: require('nvim-treesitter.ts_utils')
354.070  000.672  000.328: require('nvim-treesitter.tsrange')
354.364  000.289  000.289: require('nvim-treesitter.caching')
354.383  001.635  000.371: require('nvim-treesitter.query')
354.400  002.059  000.424: require('nvim-treesitter.configs')
354.407  002.455  000.396: require('nvim-treesitter.info')
354.799  000.387  000.387: require('nvim-treesitter.shell_command_selectors')
354.844  007.152  000.406: require('nvim-treesitter.install')
355.155  000.303  000.303: require('nvim-treesitter.statusline')
355.511  000.348  000.348: require('nvim-treesitter.query_predicates')
355.521  012.939  005.136: require('nvim-treesitter')
356.515  014.219  001.280: sourcing C:/Users/north/AppData/Local/nvim-data/lazy/nvim-treesitter/plugin/nvim-treesitter.lua
382.530  000.418  000.418: require('nvim-treesitter.indent')
383.036  000.401  000.401: require('nvim-treesitter.highlight')
395.093  000.122  000.122: sourcing C:/Users/north/AppData/Local/nvim-data/lazy/neoformat/plugin/neoformat.vim
407.845  005.958  005.958: require('refactoring.command')
407.880  006.314  000.356: sourcing C:/Users/north/AppData/Local/nvim-data/lazy/refactoring.nvim/plugin/command.lua
410.239  000.359  000.359: require('refactoring.point')
410.256  000.754  000.396: require('refactoring.region')
410.270  001.188  000.434: require('refactoring.utils')
410.679  000.403  000.403: require('refactoring.pipeline')
412.316  000.428  000.428: require('refactoring.ts-locals')
412.341  000.870  000.442: require('refactoring.treesitter.treesitter')
413.450  000.361  000.361: require('refactoring.query')
413.464  000.737  000.376: require('refactoring.treesitter.nodes')
413.471  001.123  000.386: require('refactoring.treesitter.langs.typescript')
413.860  000.384  000.384: require('refactoring.treesitter.langs.typescriptreact')
414.243  000.374  000.374: require('refactoring.treesitter.langs.cpp')
414.607  000.354  000.354: require('refactoring.treesitter.langs.c')
414.969  000.353  000.353: require('refactoring.treesitter.langs.vue')
415.333  000.354  000.354: require('refactoring.treesitter.langs.go')
415.722  000.379  000.379: require('refactoring.treesitter.langs.lua')
416.135  000.403  000.403: require('refactoring.treesitter.langs.python')
416.511  000.367  000.367: require('refactoring.treesitter.langs.javascript')
416.872  000.352  000.352: require('refactoring.treesitter.langs.php')
417.219  000.336  000.336: require('refactoring.treesitter.langs.java')
417.587  000.359  000.359: require('refactoring.treesitter.langs.cs')
417.952  000.354  000.354: require('refactoring.treesitter.langs.ruby')
417.973  006.964  000.602: require('refactoring.treesitter')
420.116  000.340  000.340: require('refactoring.code_generation.utils')
420.490  000.363  000.363: require('refactoring.code_generation.langs.typescript')
420.503  001.085  000.381: require('refactoring.code_generation.langs.typescriptreact')
420.509  001.431  000.346: require('refactoring.code_generation.langs.javascript')
420.833  000.319  000.319: require('refactoring.code_generation.langs.vue')
421.178  000.335  000.335: require('refactoring.code_generation.langs.lua')
421.607  000.378  000.378: require('refactoring.code_generation.langs.go')
421.962  000.345  000.345: require('refactoring.code_generation.langs.cpp')
422.329  000.358  000.358: require('refactoring.code_generation.langs.c')
422.708  000.369  000.369: require('refactoring.code_generation.langs.python')
423.092  000.374  000.374: require('refactoring.code_generation.langs.php')
423.508  000.407  000.407: require('refactoring.code_generation.langs.java')
423.908  000.390  000.390: require('refactoring.code_generation.langs.cs')
424.273  000.355  000.355: require('refactoring.code_generation.langs.ruby')
424.283  005.591  000.528: require('refactoring.code_generation')
424.496  006.217  000.626: require('refactoring.config')
424.512  006.532  000.316: require('refactoring.ui')
424.524  013.835  000.338: require('refactoring.tasks')
424.904  000.373  000.373: require('refactoring.text_edits_utils')
425.273  000.358  000.358: require('refactoring.indent')
425.635  000.353  000.353: require('refactoring.notify')
425.653  016.953  000.444: require('refactoring.refactor.106')
426.019  000.360  000.360: require('refactoring.refactor.115')
426.363  000.335  000.335: require('refactoring.refactor.119')
426.736  000.363  000.363: require('refactoring.refactor.123')
426.776  018.438  000.427: require('refactoring.refactor')
428.739  000.608  000.608: require('refactoring.debug.debug_utils')
428.765  001.243  000.635: require('refactoring.debug.printf')
429.294  000.523  000.523: require('refactoring.debug.print_var')
429.796  000.491  000.491: require('refactoring.debug.cleanup')
429.826  003.020  000.763: require('refactoring.debug')
429.833  021.845  000.387: require('refactoring')
439.454  000.583  000.583: require('treesitter-context.config')
439.492  008.097  007.514: require('treesitter-context')
439.646  008.592  000.495: sourcing C:/Users/north/AppData/Local/nvim-data/lazy/nvim-treesitter-context/plugin/treesitter-context.lua
441.051  000.514  000.514: require('vim.treesitter.highlighter')
441.389  000.326  000.326: require('treesitter-context.util')
441.404  001.488  000.647: require('treesitter-context.render')
468.351  000.330  000.330: require('mason-core.path')
469.101  000.404  000.404: require('mason-core.functional')
469.836  000.330  000.330: require('mason-core.functional.data')
469.852  000.655  000.326: require('mason-core.functional.function')
470.251  000.341  000.341: require('mason-core.functional.relation')
470.593  000.327  000.327: require('mason-core.functional.logic')
470.659  002.293  000.567: require('mason-core.platform')
471.018  000.351  000.351: require('mason.settings')
471.029  009.795  006.820: require('mason')
471.898  000.338  000.338: require('mason-core.functional.list')
472.242  000.331  000.331: require('mason-core.functional.string')
472.314  001.128  000.459: require('mason.api.command')
472.691  000.358  000.358: require('mason-registry.sources')
473.130  017.541  006.259: require('mason-core.log')
473.145  024.557  007.016: require('mason-nvim-dap')
473.462  000.308  000.308: require('mason-nvim-dap.settings')
474.911  000.399  000.399: require('dap.utils')
475.005  001.038  000.639: require('dap')
475.016  001.544  000.507: require('dap.ext.vscode')
475.385  000.351  000.351: require('mason-nvim-dap.mappings.filetypes')
476.264  000.384  000.384: require('mason-core.async')
476.615  000.340  000.340: require('mason-core.optional')
476.920  000.295  000.295: require('mason-core.notify')
477.252  000.321  000.321: require('mason-core.functional.number')
477.309  001.785  000.445: require('mason-nvim-dap.api.command')
478.539  000.356  000.356: sourcing C:/Users/north/AppData/Local/nvim-data/lazy/hydra.nvim/plugin/hydra.lua
486.627  000.337  000.337: sourcing C:\Program Files\Neovim\share/nvim/runtime/plugin/editorconfig.lua
487.627  000.423  000.423: sourcing C:\Program Files\Neovim\share/nvim/runtime/plugin/gzip.vim
488.210  000.054  000.054: sourcing C:\Program Files\Neovim\share/nvim/runtime/plugin/health.vim
489.044  000.371  000.371: sourcing C:\Program Files\Neovim\share/nvim/runtime/plugin/man.lua
501.846  000.572  000.572: sourcing C:\Program Files\Neovim\share\nvim\runtime\pack\dist\opt\matchit\plugin\matchit.vim
501.966  012.369  011.797: sourcing C:\Program Files\Neovim\share/nvim/runtime/plugin/matchit.vim
502.921  000.352  000.352: sourcing C:\Program Files\Neovim\share/nvim/runtime/plugin/matchparen.vim
503.531  000.047  000.047: sourcing C:\Program Files\Neovim\share/nvim/runtime/plugin/netrwPlugin.vim
504.419  000.389  000.389: sourcing C:\Program Files\Neovim\share/nvim/runtime/plugin/nvim.lua
505.356  000.417  000.417: sourcing C:\Program Files\Neovim\share/nvim/runtime/plugin/osc52.lua
507.166  000.052  000.052: sourcing C:\Users\north\AppData\Local\nvim-data/rplugin.vim
507.216  001.305  001.252: sourcing C:\Program Files\Neovim\share/nvim/runtime/plugin/rplugin.vim
507.945  000.164  000.164: sourcing C:\Program Files\Neovim\share/nvim/runtime/plugin/shada.vim
508.576  000.073  000.073: sourcing C:\Program Files\Neovim\share/nvim/runtime/plugin/spellfile.vim
509.394  000.228  000.228: sourcing C:\Program Files\Neovim\share/nvim/runtime/plugin/tarPlugin.vim
510.281  000.344  000.344: sourcing C:\Program Files\Neovim\share/nvim/runtime/plugin/tohtml.lua
510.859  000.038  000.038: sourcing C:\Program Files\Neovim\share/nvim/runtime/plugin/tohtml.vim
511.442  000.075  000.075: sourcing C:\Program Files\Neovim\share/nvim/runtime/plugin/tutor.vim
513.690  001.760  001.760: sourcing C:\Program Files\Neovim\share/nvim/runtime/plugin/zipPlugin.vim
591.153  000.583  000.583: sourcing C:\Users\north\AppData\Local\nvim-data\lazy\vim-vsnip\autoload\vital\vsnip.vim
592.436  000.216  000.216: sourcing C:\Users\north\AppData\Local\nvim-data\lazy\vim-vsnip\autoload\vital\_vsnip\VS\LSP\Position.vim
593.325  000.069  000.069: sourcing C:\Users\north\AppData\Local\nvim-data\lazy\vim-vsnip\autoload\vital\_vsnip.vim
593.970  004.076  003.208: sourcing C:\Users\north\AppData\Local\nvim-data\lazy\vim-vsnip\autoload\vsnip\snippet.vim
595.092  000.252  000.252: sourcing C:\Users\north\AppData\Local\nvim-data\lazy\vim-vsnip\autoload\vital\_vsnip\VS\LSP\TextEdit.vim
596.167  000.139  000.139: sourcing C:\Users\north\AppData\Local\nvim-data\lazy\vim-vsnip\autoload\vital\_vsnip\VS\LSP\Text.vim
597.461  000.220  000.220: sourcing C:\Users\north\AppData\Local\nvim-data\lazy\vim-vsnip\autoload\vital\_vsnip\VS\Vim\Buffer.vim
598.599  000.140  000.140: sourcing C:\Users\north\AppData\Local\nvim-data\lazy\vim-vsnip\autoload\vital\_vsnip\VS\Vim\Option.vim
600.052  000.284  000.284: sourcing C:\Users\north\AppData\Local\nvim-data\lazy\vim-vsnip\autoload\vital\_vsnip\VS\LSP\Diff.vim
600.428  011.232  006.121: sourcing C:\Users\north\AppData\Local\nvim-data\lazy\vim-vsnip\autoload\vsnip\session.vim
600.915  012.415  001.183: sourcing C:\Users\north\AppData\Local\nvim-data\lazy\vim-vsnip\autoload\vsnip.vim
601.642  022.395  009.980: sourcing C:/Users/north/AppData/Local/nvim-data/lazy/vim-vsnip/plugin/vsnip.vim
603.482  000.606  000.606: require('cmp.utils.api')
604.253  000.351  000.351: require('cmp.types.cmp')
604.917  000.329  000.329: require('cmp.utils.misc')
604.941  000.678  000.349: require('cmp.types.lsp')
605.269  000.322  000.322: require('cmp.types.vim')
605.278  001.786  000.435: require('cmp.types')
605.586  000.302  000.302: require('cmp.utils.highlight')
606.217  000.304  000.304: require('cmp.utils.debug')
606.234  000.637  000.333: require('cmp.utils.autocmd')
606.660  004.139  000.807: sourcing C:/Users/north/AppData/Local/nvim-data/lazy/nvim-cmp/plugin/cmp.lua
608.299  000.408  000.408: require('cmp.utils.char')
608.315  000.756  000.348: require('cmp.utils.str')
609.296  000.310  000.310: require('cmp.utils.buffer')
609.325  000.682  000.372: require('cmp.utils.keymap')
609.332  001.010  000.329: require('cmp.utils.feedkeys')
610.378  000.363  000.363: require('cmp.config.mapping')
610.709  000.318  000.318: require('cmp.utils.cache')
611.409  000.354  000.354: require('cmp.config.compare')
611.420  000.700  000.346: require('cmp.config.default')
611.452  001.778  000.397: require('cmp.config')
611.584  002.247  000.469: require('cmp.utils.async')
612.283  000.319  000.319: require('cmp.utils.pattern')
612.295  000.705  000.386: require('cmp.context')
613.374  000.364  000.364: require('cmp.utils.snippet')
613.690  000.305  000.305: require('cmp.matcher')
613.705  001.063  000.394: require('cmp.entry')
613.717  001.417  000.353: require('cmp.source')
614.359  000.324  000.324: require('cmp.utils.event')
615.648  000.350  000.350: require('cmp.utils.options')
615.666  000.818  000.468: require('cmp.utils.window')
615.676  001.307  000.489: require('cmp.view.docs_view')
616.121  000.437  000.437: require('cmp.view.custom_entries_view')
616.533  000.400  000.400: require('cmp.view.wildmenu_entries_view')
616.942  000.396  000.396: require('cmp.view.native_entries_view')
617.365  000.411  000.411: require('cmp.view.ghost_text_view')
617.386  003.663  000.387: require('cmp.view')
617.934  010.769  000.971: require('cmp.core')
618.440  000.337  000.337: require('cmp.config.sources')
618.768  000.318  000.318: require('cmp.config.window')
618.863  012.065  000.641: require('cmp')
619.221  000.351  000.351: require('lspkind')
620.085  105.198  066.248: require('cmp')
620.547  000.452  000.452: require('cmp_cmdline')
620.609  106.050  000.400: sourcing C:\Users\north\AppData\Local\nvim-data\lazy\cmp-cmdline\after/plugin/cmp_cmdline.lua
623.968  000.076  000.076: sourcing C:\Users\north\AppData\Local\nvim-data\lazy\vim-vsnip-integ\autoload\vsnip_integ\integration.vim
626.492  000.105  000.105: sourcing C:\Users\north\AppData\Local\nvim-data\lazy\vim-vsnip-integ\autoload\vsnip_integ\detection.vim
629.070  007.632  007.451: sourcing C:\Users\north\AppData\Local\nvim-data\lazy\vim-vsnip-integ\after/plugin/vsnip_integ.vim
629.268  535.071  149.302: require('plugin_init')
630.784  000.315  000.315: require('mason-lspconfig.settings')
630.796  000.722  000.407: require('mason-lspconfig')
631.471  000.332  000.332: require('mason-lspconfig.notify')
631.485  000.682  000.350: require('mason-lspconfig.lspconfig_hook')
632.869  000.317  000.317: require('mason-core.functional.table')
632.932  001.441  001.125: require('mason-lspconfig.mappings.server')
633.594  000.308  000.308: require('mason-core.EventEmitter')
634.259  000.299  000.299: require('mason-core.async.uv')
634.273  000.669  000.370: require('mason-core.fs')
634.315  001.375  000.398: require('mason-registry')
634.634  000.311  000.311: require('mason-lspconfig.server_config_extensions')
635.293  000.308  000.308: require('lspconfig.async')
635.303  000.659  000.351: require('lspconfig.configs')
635.635  000.326  000.326: require('lspconfig.configs.omnisharp')
636.267  000.412  000.412: require('mason-lspconfig.api.command')
637.284  000.308  000.308: require('nio.tasks')
637.611  000.317  000.317: require('nio.control')
638.060  000.440  000.440: require('nio.uv')
638.393  000.324  000.324: require('nio.tests')
639.055  000.335  000.335: require('vim.ui')
639.078  000.677  000.342: require('nio.ui')
639.749  000.336  000.336: require('nio.streams')
639.759  000.675  000.339: require('nio.file')
640.755  000.330  000.330: require('nio.util')
641.393  001.298  000.968: require('nio.logger')
641.413  001.649  000.351: require('nio.lsp')
641.764  000.345  000.345: require('nio.process')
641.787  005.146  000.412: require('nio')
643.622  000.488  000.488: require('dapui.config.highlights')
644.043  001.463  000.975: require('dapui.config')
644.062  001.856  000.393: require('dapui.util')
644.464  000.396  000.396: require('dapui.windows.layout')
644.478  002.683  000.431: require('dapui.windows')
644.845  000.361  000.361: require('dapui.controls')
644.865  008.587  000.398: require('dapui')
645.604  000.342  000.342: require('cmp_nvim_lsp.source')
645.615  000.705  000.362: require('cmp_nvim_lsp')
646.059  000.436  000.436: require('lspconfig')
646.452  000.383  000.383: require('lspconfig.configs.clangd')
650.469  000.394  000.394: require('lspconfig.manager')
650.828  000.344  000.344: require('lspconfig.configs.cmake')
652.985  000.402  000.402: require('lspconfig.configs.html')
706.415  000.450  000.450: require('plugin.require.language.languages.rust.rust_config')
707.421  000.509  000.509: require('lspconfig.configs.jsonls')
710.347  003.915  003.405: require('plugin.require.language.languages.json.json_config')
711.237  000.409  000.409: require('lspconfig.configs.lua_ls')
742.235  031.875  031.466: require('plugin.require.language.languages.lua.lua_config')
743.071  000.391  000.391: require('lspconfig.configs.pyright')
743.519  000.407  000.407: require('global.language.attach')
745.621  003.369  002.571: require('plugin.require.language.languages.python.python_config')
745.978  000.346  000.346: require('plugin.require.language.languages.c_cpp.c_cpp_config')
772.864  026.876  026.876: require('plugin.require.language.languages.autohotkey.config')
773.702  000.391  000.391: require('plugin.require.language.toolchain.debug.gdb.gdb')
774.115  000.401  000.401: require('plugin.require.language.toolchain.debug.lldb.lldb')
774.478  000.352  000.352: require('plugin.require.language.toolchain.debug.codelldb.codelldb')
774.488  001.610  000.466: require('plugin.require.language.toolchain.toolchain_init')
776.072  000.534  000.534: require('dapui.client.types')
776.088  001.034  000.499: require('dapui.client')
776.547  000.452  000.452: require('dap.breakpoints')
776.964  000.392  000.392: require('dapui.client.lib')
777.787  000.388  000.388: require('dapui.render.canvas')
777.798  000.790  000.403: require('dapui.elements.breakpoints')
778.193  000.362  000.362: require('dapui.components.breakpoints')
778.594  000.346  000.346: require('dapui.elements.repl')
778.950  000.344  000.344: require('dapui.elements.scopes')
779.341  000.357  000.357: require('dapui.components.scopes')
779.710  000.360  000.360: require('dapui.components.variables')
780.097  000.351  000.351: require('dapui.elements.stacks')
780.816  000.349  000.349: require('dapui.components.frames')
780.827  000.695  000.346: require('dapui.components.threads')
781.222  000.355  000.355: require('dapui.elements.watches')
781.600  000.335  000.335: require('dapui.components.watches')
781.984  000.342  000.342: require('dapui.elements.hover')
782.361  000.340  000.340: require('dapui.components.hover')
782.788  000.406  000.406: require('dapui.elements.console')
783.341  000.372  000.372: require('lspconfig.configs.phan')
834.415  204.678  111.426: require('plugin.require.language.language_config')
834.452  205.175  000.497: require('plugin_config')
836.131  000.413  000.413: require('hydra.lib.class')
837.246  000.361  000.361: require('hydra.hint.basehint')
837.619  000.362  000.362: require('hydra.lib.util')
837.971  000.342  000.342: require('hydra.hint.vim-options')
837.987  001.472  000.407: require('hydra.hint.cmdline')
838.817  000.424  000.424: require('hydra.lib.api-wrappers')
838.847  000.855  000.430: require('hydra.hint.window')
839.206  000.353  000.353: require('hydra.hint.statusline')
839.216  003.074  000.394: require('hydra.hint')
839.629  000.408  000.408: require('hydra.lib.meta-accessor')
839.646  004.348  000.454: require('hydra')
841.159  006.221  001.873: require('core.keymap')
858.565  003.133  003.133: sourcing C:\Users\north\AppData\Local\nvim-data\lazy\catppuccin\colors\catppuccin.vim
873.120  000.488  000.488: require('catppuccin.palettes.frappe')
874.932  033.761  030.140: require('core.vimconfig')
875.372  000.429  000.429: require('global.tools.tools')
875.988  000.606  000.606: require('core.lsp_project')
875.998  041.539  000.522: require('config_init')
876.672  000.353  000.353: require('test.form')
876.681  000.677  000.324: require('test.test_init')
876.687  787.108  000.430: sourcing C:\Users\north\AppData\Local\nvim\init.lua
876.778  004.054: sourcing vimrc file(s)
880.824  000.392  000.392: sourcing C:\Program Files\Neovim\share\nvim\runtime\filetype.lua
885.279  000.177  000.177: sourcing C:\Program Files\Neovim\share\nvim\runtime\syntax\synload.vim
885.541  003.007  002.829: sourcing C:\Program Files\Neovim\share/nvim/runtime/syntax/syntax.vim
885.604  005.428: inits 3
892.286  006.682: reading ShaDa
892.694  000.408: opening buffers
903.986  009.706  009.706: require('nvim-treesitter-playground')
904.105  010.189  000.483: sourcing C:/Users/north/AppData/Local/nvim-data/lazy/playground/plugin/nvim-treesitter-playground.lua
906.167  000.348  000.348: require('bufferline.state')
906.250  003.019: BufEnter autocommands
906.257  000.007: editing files in windows
907.726  000.412  000.412: sourcing C:/Users/north/AppData/Local/nvim-data/lazy/dashboard-nvim/plugin/dashboard.lua
918.848  000.452  000.452: require('dashboard.utils')
918.866  010.932  010.479: require('dashboard')
919.872  002.271: VimEnter autocommands
944.833  000.542  000.542: require('dashboard.theme.hyper')
944.949  024.535: UIEnter autocommands
1067.543  118.252  118.252: sourcing C:\Program Files\Neovim\share\nvim\runtime\autoload\provider\clipboard.vim
1067.585  004.385: before starting main loop
1068.497  000.912: first screen update
1068.504  000.007: --- NVIM STARTED ---

